// Jest Snapshot v1, https://goo.gl/fbAQLP

exports[`store should have a persistor 1`] = `
Object {
  "bootstrapped": true,
  "registry": Array [],
}
`;

exports[`store should have a store 1`] = `
Object {
  "_persist": Object {
    "rehydrated": true,
    "version": -1,
  },
  "user": Object {
    "info": Object {
      "email": "",
      "id": -1,
      "token": "",
    },
    "isAuthenticated": false,
  },
}
`;
